[('linux-2.6.23-orig/arch/sh/mm/init.c',
  'linux-2.6.23/arch/sh/mm/init.c',
  '--- linux-2.6.23-orig/arch/sh/mm/init.c\n+++ linux-2.6.23/arch/sh/mm/init.c\n@@ -206,7 +206,7 @@\nif (max_zone_pfns[ZONE_NORMAL] < low)\nmax_zone_pfns[ZONE_NORMAL] = low;\n\n-\t\tprintk("Node %u: start_pfn = 0x%lx, low = 0x%lx\\n",\n+\t\tprintk(KERN_DEBUG "Node %u: start_pfn = 0x%lx, low = 0x%lx\\n",\nnid, start_pfn, low);\n}\n\n@@ -293,7 +293,7 @@\nfree_page(addr);\ntotalram_pages++;\n}\n-\tprintk("Freeing unused kernel memory: %ldk freed\\n",\n+\tprintk(KERN_INFO "Freeing unused kernel memory: %ldk freed\\n",\n((unsigned long)&__init_end -\n(unsigned long)&__init_begin) >> 10);\n}\n@@ -308,7 +308,7 @@\nfree_page(p);\ntotalram_pages++;\n}\n-\tprintk("Freeing initrd memory: %ldk freed\\n", (end - start) >> 10);\n+\tprintk(KERN_INFO "Freeing initrd memory: %ldk freed\\n", (end - start) >> 10);\n}\n#endif\n')]