[
  [
    "linux-2.6.23/kernel/resource.c~", 
    "linux-2.6.23/kernel/resource.c", 
    [
      "diff -u /home/jonsv322/motorola/DEV_7105_erik_rulez_2/base/3pp/linux-st710x/linux-2.6.23/kernel/resource.c\\~ /home/jonsv322/motorola/DEV_7105_erik_rulez_2/base/3pp/linux-st710x/linux-2.6.23/kernel/resource.c", 
      "--- linux-2.6.23/kernel/resource.c~", 
      "+++ linux-2.6.23/kernel/resource.c", 
      "@@ -589,10 +589,6 @@", 
      "}", 
      "", 
      "write_unlock(&resource_lock);", 
      "-", 
      "-\tprintk(KERN_WARNING \"Trying to free nonexistent resource \"", 
      "-\t\t\"<%016llx-%016llx>\\n\", (unsigned long long)start,", 
      "-\t\t(unsigned long long)end);", 
      "}", 
      "EXPORT_SYMBOL(__release_region);", 
      ""
    ]
  ]
]