[('busybox-1.13.3.orig/editors/awk.c',
  'busybox-1.13.3/editors/awk.c',
  "Index: busybox-1.13.3/editors/awk.c\n===================================================================\n--- busybox-1.13.3.orig/editors/awk.c\n+++ busybox-1.13.3/editors/awk.c\n@@ -448,8 +448,13 @@ struct globals2 {\n/* biggest and least used members go last */\ntsplitter fsplitter, rsplitter;\n};\n+#ifdef __BCM74XX__\n+struct globals G1;\n+struct globals2 G;\n+#else\n#define G1 (ptr_to_globals[-1])\n#define G (*(struct globals2 *)ptr_to_globals)\n+#endif\n/* For debug. nm --size-sort awk.o | grep -vi ' [tr] ' */\n/*char G1size[sizeof(G1)]; - 0x74 */\n/*char Gsize[sizeof(G)]; - 0x1c4 */")]