[('npapi-headers-from-WebCore-r41808/npapi.h.orig',
  'npapi-headers-from-WebCore-r41808/npapi.h',
  '--- npapi-headers-from-WebCore-r41808/npapi.h.orig\n+++ npapi-headers-from-WebCore-r41808/npapi.h\n@@ -94,8 +94,10 @@\n#endif\n\n#ifdef XP_UNIX\n+#if defined(MOZ_X11)\n#include <X11/Xlib.h>\n#include <X11/Xutil.h>\n+#endif\n#include <stdio.h>\n#endif\n\n@@ -249,10 +251,12 @@\ntypedef struct\n{\nint32           type;\n+#ifdef MOZ_X11\nDisplay*        display;\nVisual*         visual;\nColormap        colormap;\nunsigned int    depth;\n+#endif\n} NPSetWindowCallbackStruct;\n\ntypedef struct\n@@ -562,7 +566,7 @@\nuint32   wParam;\nuint32   lParam;\n} NPEvent;\n-#elif defined (XP_UNIX)\n+#elif defined (XP_UNIX) && defined(MOZ_X11)\ntypedef XEvent NPEvent;\n#else\ntypedef void*            NPEvent;\n@@ -583,7 +587,7 @@\ntypedef CGPathRef NPCGRegion;\n#elif defined(XP_WIN)\ntypedef HRGN NPRegion;\n-#elif defined(XP_UNIX)\n+#elif defined(XP_UNIX) && defined(MOZ_X11)\ntypedef Region NPRegion;\n#else\ntypedef void *NPRegion;')]