[
  "skinenigmang/README",
  "skinenigmang/COPYING",
  "skinenigmang/logos/Kiosque 1.xpm",
  "skinenigmang/logos/Histoire.xpm",
  "skinenigmang/logos/Wuerfelzucker.xpm",
  "skinenigmang/logos/FOX NEWS.xpm",
  "skinenigmang/logos/RFI Multilingues.xpm",
  "skinenigmang/logos/LibertyTV FR.xpm",
  "skinenigmang/logos/hr3.xpm",
  "skinenigmang/logos/COULEUR 3.xpm",
  "skinenigmang/logos/Escales.xpm",
  "skinenigmang/logos/Animaux.xpm",
  "skinenigmang/logos/hr4.xpm",
  "skinenigmang/logos/Mezzo.xpm",
  "skinenigmang/logos/tv5fbs.xpm",
  "skinenigmang/logos/N-JOY.xpm",
  "skinenigmang/logos/RADIO NOVA.xpm",
  "skinenigmang/logos/TAQUILLA 5.xpm",
  "skinenigmang/logos/Radio Courtoisie.xpm",
  "skinenigmang/logos/Canal 24 Horas.xpm",
  "skinenigmang/logos/Spice Platinum.xpm",
  "skinenigmang/logos/C+ DEPORTE 1.xpm",
  "skinenigmang/logos/RTPI.xpm",
  "skinenigmang/logos/CHERIE FM.xpm",
  "skinenigmang/logos/RADIO NOTRE-DAME.xpm",
  "skinenigmang/logos/YOU FM.xpm",
  "skinenigmang/logos/CADENA DIAL.xpm",
  "skinenigmang/logos/Canal+.xpm",
  "skinenigmang/logos/Real Madrid TV.xpm",
  "skinenigmang/logos/TAQUILLA 1.xpm",
  "skinenigmang/logos/TSF.xpm",
  "skinenigmang/logos/CCTV4.xpm",
  "skinenigmang/logos/Paris Premiere.xpm",
  "skinenigmang/logos/TVV INT..xpm",
  "skinenigmang/logos/EUSKADIRRATIA.xpm",
  "skinenigmang/logos/COSMOPOLITAN.xpm",
  "skinenigmang/logos/TVEI.xpm",
  "skinenigmang/logos/Skyrock.xpm",
  "skinenigmang/logos/RFO Sat.xpm",
  "skinenigmang/logos/CALLE 13.xpm",
  "skinenigmang/logos/MDR FIGARO.xpm",
  "skinenigmang/logos/MTV.xpm",
  "skinenigmang/logos/TFJ.xpm",
  "skinenigmang/logos/Fashion TV.xpm",
  "skinenigmang/logos/Fritz.xpm",
  "skinenigmang/logos/AB 1.xpm",
  "skinenigmang/logos/XXL.xpm",
  "skinenigmang/logos/CANAL+ 2.xpm",
  "skinenigmang/logos/SPORT FM.xpm",
  "skinenigmang/logos/ALOUETTE.xpm",
  "skinenigmang/logos/DISNEY CH. +1.xpm",
  "skinenigmang/logos/SR3.xpm",
  "skinenigmang/logos/Multivision 1.xpm",
  "skinenigmang/logos/MCM.xpm",
  "skinenigmang/logos/Playhouse Disney.xpm",
  "skinenigmang/logos/le Mouv_.xpm",
  "skinenigmang/logos/L_Equipe TV.xpm",
  "skinenigmang/logos/DIRECT 8.xpm",
  "skinenigmang/logos/TAQUILLA 7.xpm",
  "skinenigmang/logos/Sport+.xpm",
  "skinenigmang/logos/M-80 RADIO.xpm",
  "skinenigmang/logos/Toon Disney.xpm",
  "skinenigmang/logos/telemadrid.xpm",
  "skinenigmang/logos/MTV ESP.xpm",
  "skinenigmang/logos/C+ CINE 3.xpm",
  "skinenigmang/logos/40 LATINO.xpm",
  "skinenigmang/logos/Oui FM.xpm",
  "skinenigmang/logos/Bloomberg.xpm",
  "skinenigmang/logos/France 2.xpm",
  "skinenigmang/logos/FREQUENCE JAZZ.xpm",
  "skinenigmang/logos/EUROSPORT 2.xpm",
  "skinenigmang/logos/BFM TV.xpm",
  "skinenigmang/logos/TAQUILLA 10.xpm",
  "skinenigmang/logos/VIBRATION.xpm",
  "skinenigmang/logos/NDR Kultur.xpm",
  "skinenigmang/logos/NBA+.xpm",
  "skinenigmang/logos/TAQUILLA 2.xpm",
  "skinenigmang/logos/DMAX.xpm",
  "skinenigmang/logos/Best of Shopping.xpm",
  "skinenigmang/logos/Cine FX.xpm",
  "skinenigmang/logos/Kiosque 8.xpm",
  "skinenigmang/logos/TV Breizh.xpm",
  "skinenigmang/logos/WORLD FASHION CHANNEL.xpm",
  "skinenigmang/logos/TELESUD.xpm",
  "skinenigmang/logos/CNN.xpm",
  "skinenigmang/logos/CADENA SER.xpm",
  "skinenigmang/logos/Kiosque 3.xpm",
  "skinenigmang/logos/Europe 2.xpm",
  "skinenigmang/logos/Hector.xpm",
  "skinenigmang/logos/Kiosque 7.xpm",
  "skinenigmang/logos/TPS Star.xpm",
  "skinenigmang/logos/TAQUILLA 8.xpm",
  "skinenigmang/logos/Filles Tv.xpm",
  "skinenigmang/logos/PLAYBOY TV.xpm",
  "skinenigmang/logos/Ocko TV.xpm",
  "skinenigmang/logos/Reality TV.xpm",
  "skinenigmang/logos/hr1.xpm",
  "skinenigmang/logos/Match TV.xpm",
  "skinenigmang/logos/TSR2.xpm",
  "skinenigmang/logos/MFM.xpm",
  "skinenigmang/logos/hr-info.xpm",
  "skinenigmang/logos/Fun TV.xpm",
  "skinenigmang/logos/VIVA polska.xpm",
  "skinenigmang/logos/France Musiques.xpm",
  "skinenigmang/logos/FDF.xpm",
  "skinenigmang/logos/Contact FM.xpm",
  "skinenigmang/logos/KTO.xpm",
  "skinenigmang/logos/TV POLONIA.xpm",
  "skinenigmang/logos/Canal+ Hi-Tech.xpm",
  "skinenigmang/logos/VH1 Classic.xpm",
  "skinenigmang/logos/Kiosque 11.xpm",
  "skinenigmang/logos/hr2.xpm",
  "skinenigmang/logos/Sud Radio.xpm",
  "skinenigmang/logos/Motors TV.xpm",
  "skinenigmang/logos/MTV Hits.xpm",
  "skinenigmang/logos/France Info old.xpm",
  "skinenigmang/logos/CANAL+...30.xpm",
  "skinenigmang/logos/TELEDEPORTE.xpm",
  "skinenigmang/logos/RAI 1.xpm",
  "skinenigmang/logos/RTL9.xpm",
  "skinenigmang/logos/24 HORAS.xpm",
  "skinenigmang/logos/RTBF SAT.xpm",
  "skinenigmang/logos/Kiosque 13.xpm",
  "skinenigmang/logos/40 TV.xpm",
  "skinenigmang/logos/France 3.xpm",
  "skinenigmang/logos/TF1.xpm",
  "skinenigmang/logos/C+ CINE 2.xpm",
  "skinenigmang/logos/Canal+ Cinema.xpm",
  "skinenigmang/logos/TPS CINETOILE.xpm",
  "skinenigmang/logos/France 5.xpm",
  "skinenigmang/logos/Jimmy.xpm",
  "skinenigmang/logos/Equidia.xpm",
  "skinenigmang/logos/Sailing Channel.xpm",
  "skinenigmang/logos/CNN+.xpm",
  "skinenigmang/logos/Kiosque 14.xpm",
  "skinenigmang/logos/102.5 HIT CH.xpm",
  "skinenigmang/logos/Multivision 3.xpm",
  "skinenigmang/logos/radioeins.xpm",
  "skinenigmang/logos/Boomerang.xpm",
  "skinenigmang/logos/Fun Radio.xpm",
  "skinenigmang/logos/TCHATCHE TV.xpm",
  "skinenigmang/logos/MCM Pop.xpm",
  "skinenigmang/logos/La Locale.xpm",
  "skinenigmang/logos/NDR Info.xpm",
  "skinenigmang/logos/TAQUILLA XY.xpm",
  "skinenigmang/logos/OLTV.xpm",
  "skinenigmang/logos/W9.xpm",
  "skinenigmang/logos/C+ DEPORTE 2.xpm",
  "skinenigmang/logos/Beur Tv.xpm",
  "skinenigmang/logos/TAQUILLA 9.xpm",
  "skinenigmang/logos/TPS CINEFAMILY.xpm",
  "skinenigmang/logos/ouifm.xpm",
  "skinenigmang/logos/TAQUILLA 4.xpm",
  "skinenigmang/logos/MTV 2.xpm",
  "skinenigmang/logos/Arte.xpm",
  "skinenigmang/logos/RFM-TV.xpm",
  "skinenigmang/logos/Multivision 6.xpm",
  "skinenigmang/logos/Game Network.xpm",
  "skinenigmang/logos/TMC.xpm",
  "skinenigmang/logos/lafermecelebrites2.xpm",
  "skinenigmang/logos/VOLTAGE.xpm",
  "skinenigmang/logos/REAL TIME.xpm",
  "skinenigmang/logos/EUROPE 2 TV.xpm",
  "skinenigmang/logos/Live 1.xpm",
  "skinenigmang/logos/m6musichits.xpm",
  "skinenigmang/logos/RADIO LATINA.xpm",
  "skinenigmang/logos/Disney Channel +1.xpm",
  "skinenigmang/logos/ZDF.xpm",
  "skinenigmang/logos/NDR 1.xpm",
  "skinenigmang/logos/Kiosque 10.xpm",
  "skinenigmang/logos/Europe2.xpm",
  "skinenigmang/logos/Europe 1.xpm",
  "skinenigmang/logos/CANAL ALGERIE.xpm",
  "skinenigmang/logos/E! ENTERTAINMENT.xpm",
  "skinenigmang/logos/NDR 1 Niedersachsen.xpm",
  "skinenigmang/logos/Zi-One.xpm",
  "skinenigmang/logos/CCTV9.xpm",
  "skinenigmang/logos/NT1.xpm",
  "skinenigmang/logos/NRJ.xpm",
  "skinenigmang/logos/TPS Foot.xpm",
  "skinenigmang/logos/SIC.xpm",
  "skinenigmang/logos/imusic TV.xpm",
  "skinenigmang/logos/BBC World.xpm",
  "skinenigmang/logos/NDR 2.xpm",
  "skinenigmang/logos/HOLLYWOOD.xpm",
  "skinenigmang/logos/France bleu old .xpm",
  "skinenigmang/logos/CAZA Y PESCA.xpm",
  "skinenigmang/logos/Multivision 7.xpm",
  "skinenigmang/logos/C+ CINE 1.xpm",
  "skinenigmang/logos/RFM.xpm",
  "skinenigmang/logos/Infosport.xpm",
  "skinenigmang/logos/CFI PECO PRO.xpm",
  "skinenigmang/logos/AB Moteurs.xpm",
  "skinenigmang/logos/Piwi.xpm",
  "skinenigmang/logos/Game One.xpm",
  "skinenigmang/logos/TV CANARIA.xpm",
  "skinenigmang/logos/Seasons.xpm",
  "skinenigmang/logos/TERRA NOVA.xpm",
  "skinenigmang/logos/France O.xpm",
  "skinenigmang/logos/NDR 1 Welle Nord.xpm",
  "skinenigmang/logos/TFOU.xpm",
  "skinenigmang/logos/FOX.xpm",
  "skinenigmang/logos/TAQUILLA XX.xpm",
  "skinenigmang/logos/RTL2.xpm",
  "skinenigmang/logos/Action.xpm",
  "skinenigmang/logos/TVC INT..xpm",
  "skinenigmang/logos/SR1.xpm",
  "skinenigmang/logos/VH1.xpm",
  "skinenigmang/logos/Kiosque 9.xpm",
  "skinenigmang/logos/France Info.xpm",
  "skinenigmang/logos/M6 Music.xpm",
  "skinenigmang/logos/tv5europe.xpm",
  "skinenigmang/logos/ESPN Classic Sport.xpm",
  "skinenigmang/logos/M6.xpm",
  "skinenigmang/logos/RFI.xpm",
  "skinenigmang/logos/ALEGRIA-.xpm",
  "skinenigmang/logos/m6musicrock.xpm",
  "skinenigmang/logos/Mangas.xpm",
  "skinenigmang/logos/Multivision 2.xpm",
  "skinenigmang/logos/2M Maroc.xpm",
  "skinenigmang/logos/TPS CINESTAR.xpm",
  "skinenigmang/logos/TAQUILLA 6.xpm",
  "skinenigmang/logos/RCJ.xpm",
  "skinenigmang/logos/DELUXE MUSIC.xpm",
  "skinenigmang/logos/MCM Top.xpm",
  "skinenigmang/logos/C+ DEPORTE 3.xpm",
  "skinenigmang/logos/FIP.xpm",
  "skinenigmang/logos/PARAMOUNT COM.xpm",
  "skinenigmang/logos/France bleu.xpm",
  "skinenigmang/logos/RADIO FG.xpm",
  "skinenigmang/logos/France 4.xpm",
  "skinenigmang/logos/Gourmet Tv.xpm",
  "skinenigmang/logos/Cartoon Network.xpm",
  "skinenigmang/logos/m6musicblack.xpm",
  "skinenigmang/logos/hr-info +.xpm",
  "skinenigmang/logos/EUSKADI TV.xpm",
  "skinenigmang/logos/TSR1.xpm",
  "skinenigmang/logos/PRIVATE GOLD.xpm",
  "skinenigmang/logos/BFM.xpm",
  "skinenigmang/logos/TCM.xpm",
  "skinenigmang/logos/Encyclopedia.xpm",
  "skinenigmang/logos/Nick.xpm",
  "skinenigmang/logos/Pink TV.xpm",
  "skinenigmang/logos/Extreme Sports.xpm",
  "skinenigmang/logos/DEMAIN.xpm",
  "skinenigmang/logos/TELE 5.xpm",
  "skinenigmang/logos/LCI.xpm",
  "skinenigmang/logos/Kiosque 6.xpm",
  "skinenigmang/logos/Nostalgie.xpm",
  "skinenigmang/logos/ushuaiatv.xpm",
  "skinenigmang/logos/DISCOVERY.xpm",
  "skinenigmang/logos/PEOPLE+ARTS.xpm",
  "skinenigmang/logos/Fit Toute l_Histoire.xpm",
  "skinenigmang/logos/Multivision 4.xpm",
  "skinenigmang/logos/Deutsche Welle.xpm",
  "skinenigmang/logos/PARIS LIVE RADIO.xpm",
  "skinenigmang/logos/Voyage.xpm",
  "skinenigmang/logos/CNBC Europe.xpm",
  "skinenigmang/logos/RMC.xpm",
  "skinenigmang/logos/Canal J.xpm",
  "skinenigmang/logos/STAR ACADEMY.xpm",
  "skinenigmang/logos/1-2-3.tv.xpm",
  "skinenigmang/logos/France Culture old.xpm",
  "skinenigmang/logos/MDR INFO.xpm",
  "skinenigmang/logos/playboy.xpm",
  "skinenigmang/logos/MOSAIQUE.xpm",
  "skinenigmang/logos/Nat Geographic.xpm",
  "skinenigmang/logos/OM_TV.xpm",
  "skinenigmang/logos/Multivision.xpm",
  "skinenigmang/logos/Tiji.xpm",
  "skinenigmang/logos/Free-X TV.xpm",
  "skinenigmang/logos/CARTELERA.xpm",
  "skinenigmang/logos/TPS CINECULTE.xpm",
  "skinenigmang/logos/Eurosport.xpm",
  "skinenigmang/logos/telif.xpm",
  "skinenigmang/logos/EURONEWS.xpm",
  "skinenigmang/logos/Multivision 5.xpm",
  "skinenigmang/logos/Teva.xpm",
  "skinenigmang/logos/TV GALICIA.xpm",
  "skinenigmang/logos/TELENOVELAS.xpm",
  "skinenigmang/logos/NDR 90,3.xpm",
  "skinenigmang/logos/Rire&Chansons.xpm",
  "skinenigmang/logos/CARTOON NET..xpm",
  "skinenigmang/logos/NICKELODEON ESP.xpm",
  "skinenigmang/logos/God TV.xpm",
  "skinenigmang/logos/GOLF+.xpm",
  "skinenigmang/logos/Radio Classique.xpm",
  "skinenigmang/logos/Disney Channel.xpm",
  "skinenigmang/logos/Festival.xpm",
  "skinenigmang/logos/TF6.xpm",
  "skinenigmang/logos/TPS HOMECINEMA.xpm",
  "skinenigmang/logos/BBC Prime.xpm",
  "skinenigmang/logos/ENGLISH PREMIER LEAGUE.xpm",
  "skinenigmang/logos/Beur FM.xpm",
  "skinenigmang/logos/TV5.xpm",
  "skinenigmang/logos/Jetix.xpm",
  "skinenigmang/logos/TAQUILLA 12.xpm",
  "skinenigmang/logos/France Inter old.xpm",
  "skinenigmang/logos/FREE-X LIGHT.xpm",
  "skinenigmang/logos/AXN.xpm",
  "skinenigmang/logos/CANAL COCINA.xpm",
  "skinenigmang/logos/VIAJAR.xpm",
  "skinenigmang/logos/Musique Classique.xpm",
  "skinenigmang/logos/MTV2 Pop Channel.xpm",
  "skinenigmang/logos/MDR1 SACHSEN.xpm",
  "skinenigmang/logos/Canal+ Sport.xpm",
  "skinenigmang/logos/ADO.xpm",
  "skinenigmang/logos/Trace Tv.xpm",
  "skinenigmang/logos/Cuisine.TV.xpm",
  "skinenigmang/logos/FIP old.xpm",
  "skinenigmang/logos/Kiosque 12.xpm",
  "skinenigmang/logos/LE MOUV.xpm",
  "skinenigmang/logos/CANAL HISTORIA.xpm",
  "skinenigmang/logos/FREE-XTV 2.xpm",
  "skinenigmang/logos/tv8montblanc.xpm",
  "skinenigmang/logos/MTV Base.xpm",
  "skinenigmang/logos/40 PRINCIPALES.xpm",
  "skinenigmang/logos/Kiosque 4.xpm",
  "skinenigmang/logos/NRJ 12.xpm",
  "skinenigmang/logos/NDR 1 Radio MV.xpm",
  "skinenigmang/logos/TPS CINEXTREME.xpm",
  "skinenigmang/logos/eurosport-news.xpm",
  "skinenigmang/logos/TAQUILLA X.xpm",
  "skinenigmang/logos/IBERDROLA.xpm",
  "skinenigmang/logos/MDR1 S-ANHALT.xpm",
  "skinenigmang/logos/France CULTURE.xpm",
  "skinenigmang/logos/C-Cinema-16-9.xpm",
  "skinenigmang/logos/HITWEST.xpm",
  "skinenigmang/logos/France INTER.xpm",
  "skinenigmang/logos/m6music.xpm",
  "skinenigmang/logos/RTL.xpm",
  "skinenigmang/logos/Kiosque 2.xpm",
  "skinenigmang/logos/France Musiques old.xpm",
  "skinenigmang/logos/TAQUILLA 3.xpm",
  "skinenigmang/logos/Kiosque 5.xpm",
  "skinenigmang/logos/MEDIA TROPICAL.xpm",
  "skinenigmang/logos/SR2.xpm",
  "skinenigmang/hqlogos/Histoire.xpm",
  "skinenigmang/hqlogos/ATV+.xpm",
  "skinenigmang/hqlogos/MDR FERNSEHEN.xpm",
  "skinenigmang/hqlogos/NEUN LIVE Television.xpm",
  "skinenigmang/hqlogos/Escales.xpm",
  "skinenigmang/hqlogos/Animaux.xpm",
  "skinenigmang/hqlogos/SF1.xpm",
  "skinenigmang/hqlogos/Mezzo.xpm",
  "skinenigmang/hqlogos/PREMIERE DIREKT.xpm",
  "skinenigmang/hqlogos/RTPI.xpm",
  "skinenigmang/hqlogos/Canal+.xpm",
  "skinenigmang/hqlogos/MTV Central.xpm",
  "skinenigmang/hqlogos/CCTV4.xpm",
  "skinenigmang/hqlogos/Paris Premiere.xpm",
  "skinenigmang/hqlogos/TVEI.xpm",
  "skinenigmang/hqlogos/RBB.xpm",
  "skinenigmang/hqlogos/3sat.xpm",
  "skinenigmang/hqlogos/ANTENNE BAYERN.xpm",
  "skinenigmang/hqlogos/RFO Sat.xpm",
  "skinenigmang/hqlogos/MTV.xpm",
  "skinenigmang/hqlogos/TFJ.xpm",
  "skinenigmang/hqlogos/Fashion TV.xpm",
  "skinenigmang/hqlogos/PREMIERE SPORT PORTAL.xpm",
  "skinenigmang/hqlogos/AB 1.xpm",
  "skinenigmang/hqlogos/XXL.xpm",
  "skinenigmang/hqlogos/arte_1.xpm",
  "skinenigmang/hqlogos/Multivision 1.xpm",
  "skinenigmang/hqlogos/MCM.xpm",
  "skinenigmang/hqlogos/Playhouse Disney.xpm",
  "skinenigmang/hqlogos/L_Equipe TV.xpm",
  "skinenigmang/hqlogos/N24.xpm",
  "skinenigmang/hqlogos/Sport+.xpm",
  "skinenigmang/hqlogos/Toon Disney.xpm",
  "skinenigmang/hqlogos/COMEDY CENTRAL.xpm",
  "skinenigmang/hqlogos/hr-fernsehen.xpm",
  "skinenigmang/hqlogos/EinsPlus.xpm",
  "skinenigmang/hqlogos/EinsExtra.xpm",
  "skinenigmang/hqlogos/Bloomberg.xpm",
  "skinenigmang/hqlogos/France 2.xpm",
  "skinenigmang/hqlogos/PREMIERE SPORT 1.xpm",
  "skinenigmang/hqlogos/FM4.xpm",
  "skinenigmang/hqlogos/NBA+.xpm",
  "skinenigmang/hqlogos/Cine FX.xpm",
  "skinenigmang/hqlogos/TV Breizh.xpm",
  "skinenigmang/hqlogos/CNN.xpm",
  "skinenigmang/hqlogos/no_logo.xpm",
  "skinenigmang/hqlogos/TPS Star.xpm",
  "skinenigmang/hqlogos/TW1.xpm",
  "skinenigmang/hqlogos/PREMIERE 6.xpm",
  "skinenigmang/hqlogos/Filles Tv.xpm",
  "skinenigmang/hqlogos/PREMIERE 4.xpm",
  "skinenigmang/hqlogos/Bayerisches FS.xpm",
  "skinenigmang/hqlogos/Match TV.xpm",
  "skinenigmang/hqlogos/Fun TV.xpm",
  "skinenigmang/hqlogos/KTO.xpm",
  "skinenigmang/hqlogos/TV POLONIA.xpm",
  "skinenigmang/hqlogos/France-4.xpm",
  "skinenigmang/hqlogos/Canal+ Hi-Tech.xpm",
  "skinenigmang/hqlogos/VH1 Classic.xpm",
  "skinenigmang/hqlogos/n-tv.xpm",
  "skinenigmang/hqlogos/Motors TV.xpm",
  "skinenigmang/hqlogos/MTV Hits.xpm",
  "skinenigmang/hqlogos/RAI 1.xpm",
  "skinenigmang/hqlogos/RTL9.xpm",
  "skinenigmang/hqlogos/France 3.xpm",
  "skinenigmang/hqlogos/TF1.xpm",
  "skinenigmang/hqlogos/ZDFdokukanal.xpm",
  "skinenigmang/hqlogos/Canal+ Cinema.xpm",
  "skinenigmang/hqlogos/TPS CINETOILE.xpm",
  "skinenigmang/hqlogos/PREMIERE 1.xpm",
  "skinenigmang/hqlogos/France 5.xpm",
  "skinenigmang/hqlogos/Jimmy.xpm",
  "skinenigmang/hqlogos/NBC.xpm",
  "skinenigmang/hqlogos/Equidia.xpm",
  "skinenigmang/hqlogos/EinsMuXx.xpm",
  "skinenigmang/hqlogos/Multivision 3.xpm",
  "skinenigmang/hqlogos/Boomerang.xpm",
  "skinenigmang/hqlogos/MCM Pop.xpm",
  "skinenigmang/hqlogos/ORF2.xpm",
  "skinenigmang/hqlogos/W9.xpm",
  "skinenigmang/hqlogos/Beur Tv.xpm",
  "skinenigmang/hqlogos/TPS CINEFAMILY.xpm",
  "skinenigmang/hqlogos/PREMIERE 2.xpm",
  "skinenigmang/hqlogos/MTV 2.xpm",
  "skinenigmang/hqlogos/Arte.xpm",
  "skinenigmang/hqlogos/NRJ-12.xpm",
  "skinenigmang/hqlogos/RFM-TV.xpm",
  "skinenigmang/hqlogos/Multivision 6.xpm",
  "skinenigmang/hqlogos/TMC.xpm",
  "skinenigmang/hqlogos/Super RTL.xpm",
  "skinenigmang/hqlogos/Das Erste.xpm",
  "skinenigmang/hqlogos/Live 1.xpm",
  "skinenigmang/hqlogos/VIVA PLUS.xpm",
  "skinenigmang/hqlogos/ROCK ANTENNE.xpm",
  "skinenigmang/hqlogos/Disney Channel +1.xpm",
  "skinenigmang/hqlogos/ZDF.xpm",
  "skinenigmang/hqlogos/HSE24.xpm",
  "skinenigmang/hqlogos/EuroNews_1.xpm",
  "skinenigmang/hqlogos/PREMIERE 3.xpm",
  "skinenigmang/hqlogos/EinsFestival.xpm",
  "skinenigmang/hqlogos/KiKa.xpm",
  "skinenigmang/hqlogos/NT1.xpm",
  "skinenigmang/hqlogos/SIC.xpm",
  "skinenigmang/hqlogos/SAT.1.xpm",
  "skinenigmang/hqlogos/BBC World.xpm",
  "skinenigmang/hqlogos/BR-alpha.xpm",
  "skinenigmang/hqlogos/Multivision 7.xpm",
  "skinenigmang/hqlogos/Infosport.xpm",
  "skinenigmang/hqlogos/AB Moteurs.xpm",
  "skinenigmang/hqlogos/NDR FS HH.xpm",
  "skinenigmang/hqlogos/Piwi.xpm",
  "skinenigmang/hqlogos/Game One.xpm",
  "skinenigmang/hqlogos/Seasons.xpm",
  "skinenigmang/hqlogos/TERRA NOVA.xpm",
  "skinenigmang/hqlogos/PREMIERE 7.xpm",
  "skinenigmang/hqlogos/RTL2.xpm",
  "skinenigmang/hqlogos/Action.xpm",
  "skinenigmang/hqlogos/VH1.xpm",
  "skinenigmang/hqlogos/M6 Music.xpm",
  "skinenigmang/hqlogos/VIVA.xpm",
  "skinenigmang/hqlogos/ESPN Classic Sport.xpm",
  "skinenigmang/hqlogos/M6.xpm",
  "skinenigmang/hqlogos/PREMIERE.xpm",
  "skinenigmang/hqlogos/Mangas.xpm",
  "skinenigmang/hqlogos/PREMIERE SPORT 2.xpm",
  "skinenigmang/hqlogos/Multivision 2.xpm",
  "skinenigmang/hqlogos/2M Maroc.xpm",
  "skinenigmang/hqlogos/TPS CINESTAR.xpm",
  "skinenigmang/hqlogos/DELUXE MUSIC.xpm",
  "skinenigmang/hqlogos/ORF1.xpm",
  "skinenigmang/hqlogos/MCM Top.xpm",
  "skinenigmang/hqlogos/Gourmet Tv.xpm",
  "skinenigmang/hqlogos/Cartoon Network.xpm",
  "skinenigmang/hqlogos/PRIVATE GOLD.xpm",
  "skinenigmang/hqlogos/MDR JUMP.xpm",
  "skinenigmang/hqlogos/TCM.xpm",
  "skinenigmang/hqlogos/Encyclopedia.xpm",
  "skinenigmang/hqlogos/IG3XEX~2.xpm",
  "skinenigmang/hqlogos/Pink TV.xpm",
  "skinenigmang/hqlogos/GigaTV.xpm",
  "skinenigmang/hqlogos/Extreme Sports.xpm",
  "skinenigmang/hqlogos/TELE 5.xpm",
  "skinenigmang/hqlogos/LCI.xpm",
  "skinenigmang/hqlogos/Fit Toute l_Histoire.xpm",
  "skinenigmang/hqlogos/Multivision 4.xpm",
  "skinenigmang/hqlogos/Deutsche Welle.xpm",
  "skinenigmang/hqlogos/Voyage.xpm",
  "skinenigmang/hqlogos/KABEL1.xpm",
  "skinenigmang/hqlogos/VOX.xpm",
  "skinenigmang/hqlogos/CNBC Europe.xpm",
  "skinenigmang/hqlogos/Canal J.xpm",
  "skinenigmang/hqlogos/Nat Geographic.xpm",
  "skinenigmang/hqlogos/GoTV.xpm",
  "skinenigmang/hqlogos/DSF.xpm",
  "skinenigmang/hqlogos/NICK.xpm",
  "skinenigmang/hqlogos/Multivision.xpm",
  "skinenigmang/hqlogos/Tiji.xpm",
  "skinenigmang/hqlogos/TPS CINECULTE.xpm",
  "skinenigmang/hqlogos/Eurosport.xpm",
  "skinenigmang/hqlogos/EURONEWS.xpm",
  "skinenigmang/hqlogos/Multivision 5.xpm",
  "skinenigmang/hqlogos/SF2.xpm",
  "skinenigmang/hqlogos/ZDFtheaterkanal.xpm",
  "skinenigmang/hqlogos/Disney Channel.xpm",
  "skinenigmang/hqlogos/Festival.xpm",
  "skinenigmang/hqlogos/TF6.xpm",
  "skinenigmang/hqlogos/TPS HOMECINEMA.xpm",
  "skinenigmang/hqlogos/BBC Prime.xpm",
  "skinenigmang/hqlogos/ENGLISH PREMIER LEAGUE.xpm",
  "skinenigmang/hqlogos/DAS VIERTE.xpm",
  "skinenigmang/hqlogos/TV5.xpm",
  "skinenigmang/hqlogos/Jetix.xpm",
  "skinenigmang/hqlogos/Musique Classique.xpm",
  "skinenigmang/hqlogos/Canal+ Sport.xpm",
  "skinenigmang/hqlogos/Trace Tv.xpm",
  "skinenigmang/hqlogos/Cuisine.TV.xpm",
  "skinenigmang/hqlogos/ProSieben.xpm",
  "skinenigmang/hqlogos/ZDFinfokanal.xpm",
  "skinenigmang/hqlogos/RTL Television.xpm",
  "skinenigmang/hqlogos/bayern3.xpm",
  "skinenigmang/hqlogos/TPS CINEXTREME.xpm",
  "skinenigmang/hqlogos/DIRECT-8.xpm",
  "skinenigmang/hqlogos/PREMIERE 5.xpm",
  "skinenigmang/flags/engDUAL.xpm",
  "skinenigmang/flags/dutDD.xpm",
  "skinenigmang/flags/deuDD.xpm",
  "skinenigmang/flags/fra.xpm",
  "skinenigmang/flags/fraDD.xpm",
  "skinenigmang/flags/deuDUAL.xpm",
  "skinenigmang/flags/deu.xpm",
  "skinenigmang/flags/dutDUAL.xpm",
  "skinenigmang/flags/fraMONO.xpm",
  "skinenigmang/flags/engMONO.xpm",
  "skinenigmang/flags/eng.xpm",
  "skinenigmang/flags/fraDUAL.xpm",
  "skinenigmang/flags/engDD.xpm",
  "skinenigmang/flags/deuMONO.xpm",
  "skinenigmang/flags/dutMONO.xpm",
  "skinenigmang/flags/dut.xpm",
  "skinenigmang/icons/menu/pin.xpm",
  "skinenigmang/icons/menu/blank.xpm",
  "skinenigmang/icons/menu/rotor.xpm",
  "skinenigmang/icons/menu/cdda.xpm",
  "skinenigmang/icons/menu/epgsearch.xpm",
  "skinenigmang/icons/menu/cancel.xpm",
  "skinenigmang/icons/menu/dvd.xpm",
  "skinenigmang/icons/menu/digicam.xpm",
  "skinenigmang/icons/menu/soccer.xpm",
  "skinenigmang/icons/menu/summary.xpm",
  "skinenigmang/icons/menu/streamdev.xpm",
  "skinenigmang/icons/menu/timers.xpm",
  "skinenigmang/icons/menu/device.xpm",
  "skinenigmang/icons/menu/vdrc.xpm",
  "skinenigmang/icons/menu/fussball.xpm",
  "skinenigmang/icons/menu/newsticker.xpm",
  "skinenigmang/icons/menu/games.xpm",
  "skinenigmang/icons/menu/image.xpm",
  "skinenigmang/icons/menu/recordings.xpm",
  "skinenigmang/icons/menu/tvonscreen.xpm",
  "skinenigmang/icons/menu/director.xpm",
  "skinenigmang/icons/menu/filebrowser.xpm",
  "skinenigmang/icons/menu/vdrrip.xpm",
  "skinenigmang/icons/menu/schedule.xpm",
  "skinenigmang/icons/menu/vdr.xpm",
  "skinenigmang/icons/menu/webepg.xpm",
  "skinenigmang/icons/menu/vcd.xpm",
  "skinenigmang/icons/menu/dvdselect.xpm",
  "skinenigmang/icons/menu/externalplayer.xpm",
  "skinenigmang/icons/menu/audiorecorder.xpm",
  "skinenigmang/icons/menu/stop.xpm",
  "skinenigmang/icons/menu/burn.xpm",
  "skinenigmang/icons/menu/channelscan.xpm",
  "skinenigmang/icons/menu/weather.xpm",
  "skinenigmang/icons/menu/solitaire2.xpm",
  "skinenigmang/icons/menu/commands.xpm",
  "skinenigmang/icons/menu/osdpip.xpm",
  "skinenigmang/icons/menu/teletext.xpm",
  "skinenigmang/icons/menu/xineliboutput.xpm",
  "skinenigmang/icons/menu/femon.xpm",
  "skinenigmang/icons/menu/channels.xpm",
  "skinenigmang/icons/menu/vdrcd.xpm",
  "skinenigmang/icons/menu/setup.xpm",
  "skinenigmang/icons/menu/radio.xpm",
  "skinenigmang/icons/menu/mp3.xpm",
  "skinenigmang/icons/menu/solitaire.xpm",
  "skinenigmang/icons/menu/chanorg.xpm",
  "skinenigmang/icons/menu/sudoku.xpm",
  "skinenigmang/icons/menu/mplayer.xpm",
  "skinenigmang/icons/message/info.xpm",
  "skinenigmang/icons/audio/audioRight.xpm",
  "skinenigmang/icons/audio/audioLeft.xpm",
  "skinenigmang/icons/audio/audioStereo.xpm",
  "skinenigmang/icons/volume/muteOn.xpm",
  "skinenigmang/icons/volume/muteOff.xpm",
  "skinenigmang/icons/replay/fastForward5.xpm",
  "skinenigmang/icons/replay/slowRewind3.xpm",
  "skinenigmang/icons/replay/fastForward9.xpm",
  "skinenigmang/icons/replay/slowForward2.xpm",
  "skinenigmang/icons/replay/slowRewind.xpm",
  "skinenigmang/icons/replay/fastForward1.xpm",
  "skinenigmang/icons/replay/fastRewind6.xpm",
  "skinenigmang/icons/replay/slowForward.xpm",
  "skinenigmang/icons/replay/fastRewind7.xpm",
  "skinenigmang/icons/replay/fastForward8.xpm",
  "skinenigmang/icons/replay/fastForward2.xpm",
  "skinenigmang/icons/replay/fastForward7.xpm",
  "skinenigmang/icons/replay/fastForward3.xpm",
  "skinenigmang/icons/replay/fastForward.xpm",
  "skinenigmang/icons/replay/fastRewind8.xpm",
  "skinenigmang/icons/replay/slowForward1.xpm",
  "skinenigmang/icons/replay/slowForward3.xpm",
  "skinenigmang/icons/replay/fastRewind9.xpm",
  "skinenigmang/icons/replay/fastRewind2.xpm",
  "skinenigmang/icons/replay/play.xpm",
  "skinenigmang/icons/replay/slowRewind2.xpm",
  "skinenigmang/icons/replay/fastRewind4.xpm",
  "skinenigmang/icons/replay/fastRewind.xpm",
  "skinenigmang/icons/replay/fastForward6.xpm",
  "skinenigmang/icons/replay/fastRewind1.xpm",
  "skinenigmang/icons/replay/fastRewind5.xpm",
  "skinenigmang/icons/replay/pause.xpm",
  "skinenigmang/icons/replay/fastRewind3.xpm",
  "skinenigmang/icons/replay/fastForward4.xpm",
  "skinenigmang/icons/replay/slowRewind1.xpm"
]