[('pngrutil.c.orig',
  'pngrutil.c',
  '--- pngrutil.c.orig\n+++ pngrutil.c\n@@ -422,8 +422,8 @@\npng_crc_finish(png_ptr, length);\nreturn;\n}\n-   else if (png_ptr->mode & PNG_HAVE_PLTE)\n-      png_error(png_ptr, "Duplicate PLTE chunk");\n+   //else if (png_ptr->mode & PNG_HAVE_PLTE)\n+   //   png_error(png_ptr, "Duplicate PLTE chunk");\n\npng_ptr->mode |= PNG_HAVE_PLTE;\n')]