[
  [
    "linux-2.6.23.orig/init/Kconfig", 
    "linux-2.6.23/init/Kconfig", 
    [
      "Index: linux-2.6.23/init/Kconfig", 
      "===================================================================", 
      "--- linux-2.6.23.orig/init/Kconfig", 
      "+++ linux-2.6.23/init/Kconfig", 
      "@@ -62,6 +62,12 @@ config INIT_ENV_ARG_LIMIT", 
      "variables passed to init from the kernel command line.", 
      "", 
      "", 
      "+config KREATV_FIRMWARE", 
      "+\tbool \"Configure for use with KreaTV firmware\"", 
      "+        default n", 
      "+\thelp", 
      "+\t  This option will configure the kernel with patches for firmware.", 
      "+", 
      "config LOCALVERSION", 
      "string \"Local version - append to kernel release\"", 
      "help"
    ]
  ]
]