[
  [
    "linux-2.6.23-orig/net/ipv4/ipconfig.c", 
    "linux-2.6.23/net/ipv4/ipconfig.c", 
    [
      "--- linux-2.6.23-orig/net/ipv4/ipconfig.c", 
      "+++ linux-2.6.23/net/ipv4/ipconfig.c", 
      "@@ -1371,14 +1371,14 @@", 
      "/*", 
      "* Clue in the operator.", 
      "*/", 
      "-\tprintk(\"IP-Config: Complete:\");", 
      "-\tprintk(\"\\n      device=%s\", ic_dev->name);", 
      "+\tprintk(KERN_NOTICE \"IP-Config: Complete: \\n\");", 
      "+\tprintk(KERN_NOTICE \"      device=%s\", ic_dev->name);", 
      "printk(\", addr=%u.%u.%u.%u\", NIPQUAD(ic_myaddr));", 
      "printk(\", mask=%u.%u.%u.%u\", NIPQUAD(ic_netmask));", 
      "-\tprintk(\", gw=%u.%u.%u.%u\", NIPQUAD(ic_gateway));", 
      "-\tprintk(\",\\n     host=%s, domain=%s, nis-domain=%s\",", 
      "+\tprintk(\", gw=%u.%u.%u.%u,\\n\", NIPQUAD(ic_gateway));", 
      "+\tprintk(KERN_NOTICE \"     host=%s, domain=%s, nis-domain=%s,\\n\",", 
      "utsname()->nodename, ic_domain, utsname()->domainname);", 
      "-\tprintk(\",\\n     bootserver=%u.%u.%u.%u\", NIPQUAD(ic_servaddr));", 
      "+\tprintk(KERN_NOTICE \"     bootserver=%u.%u.%u.%u\", NIPQUAD(ic_servaddr));", 
      "printk(\", rootserver=%u.%u.%u.%u\", NIPQUAD(root_server_addr));", 
      "printk(\", rootpath=%s\", root_server_path);", 
      "printk(\"\\n\");"
    ]
  ]
]