[
  [
    "linux-2.6.23-orig/kernel/pid.c", 
    "linux-2.6.23/kernel/pid.c", 
    [
      "--- linux-2.6.23-orig/kernel/pid.c", 
      "+++ linux-2.6.23/kernel/pid.c", 
      "@@ -394,7 +394,7 @@", 
      "pidhash_shift = min(12, pidhash_shift);", 
      "pidhash_size = 1 << pidhash_shift;", 
      "", 
      "-\tprintk(\"PID hash table entries: %d (order: %d, %Zd bytes)\\n\",", 
      "+\tprintk(KERN_DEBUG \"PID hash table entries: %d (order: %d, %Zd bytes)\\n\",", 
      "pidhash_size, pidhash_shift,", 
      "pidhash_size * sizeof(struct hlist_head));", 
      ""
    ]
  ]
]