[('a/src/3rdParty/webkit/work/WebCore/css/CSSParser.cpp.orig',
  'b/src/3rdParty/webkit/work/WebCore/css/CSSParser.cpp',
  '--- a/src/3rdParty/webkit/work/WebCore/css/CSSParser.cpp.orig\n+++ b/src/3rdParty/webkit/work/WebCore/css/CSSParser.cpp\n@@ -3374,30 +3374,30 @@ public:\n, m_allowSingleArgument(false)\n, m_unit(CSSParser::FUnknown)\n{\n-        if (fname == "scale(" || fname == "scaleX(" || fname == "scaleY(") {\n+        if (fname == "scale(" || fname == "scalex(" || fname == "scaley(") {\nm_unit = CSSParser::FNumber;\nif (fname == "scale(")\nm_type = CSSTransformValue::ScaleTransformOperation;\n-            else if (fname == "scaleX(")\n+            else if (fname == "scalex(")\nm_type = CSSTransformValue::ScaleXTransformOperation;\nelse\nm_type = CSSTransformValue::ScaleYTransformOperation;\n} else if (fname == "rotate(") {\nm_type = CSSTransformValue::RotateTransformOperation;\nm_unit = CSSParser::FAngle;\n-        } else if (fname == "skew(" || fname == "skewX(" || fname == "skewY(") {\n+        } else if (fname == "skew(" || fname == "skewx(" || fname == "skewy(") {\nm_unit = CSSParser::FAngle;\nif (fname == "skew(")\nm_type = CSSTransformValue::SkewTransformOperation;\n-            else if (fname == "skewX(")\n+            else if (fname == "skewx(")\nm_type = CSSTransformValue::SkewXTransformOperation;\nelse\nm_type = CSSTransformValue::SkewYTransformOperation;\n-        } else if (fname == "translate(" || fname == "translateX(" || fname == "translateY(") {\n+        } else if (fname == "translate(" || fname == "translatex(" || fname == "translatey(") {\nm_unit = CSSParser::FLength | CSSParser::FPercent;\nif (fname == "translate(")\nm_type = CSSTransformValue::TranslateTransformOperation;\n-            else if (fname == "translateX(")\n+            else if (fname == "translatex(")\nm_type = CSSTransformValue::TranslateXTransformOperation;\nelse\nm_type = CSSTransformValue::TranslateYTransformOperation;')]