[('src/3rdParty/webkit/work/WebCore/page/EventHandler.cpp',
  'src/3rdParty/webkit/work/WebCore/page/EventHandler.cpp~',
  "diff -ur src/3rdParty/webkit/work/WebCore/page/EventHandler.cpp src/3rdParty/webkit/work/WebCore/page/EventHandler.cpp~\n--- src/3rdParty/webkit/work/WebCore/page/EventHandler.cpp\n+++ src/3rdParty/webkit/work/WebCore/page/EventHandler.cpp~\n@@ -1592,7 +1592,13 @@\ndefaultTabEventHandler(event);\n}\nif (event->type() == keypressEvent) {\n-        m_frame->editor()->handleKeyboardEvent(event);\n+        //filter out TAB key press event to prevent input TAB in text field, because it should be handled as advance focus\n+        if (event->charCode() != 9 /* TAB's ASCII value */) {\n+            m_frame->editor()->handleKeyboardEvent(event);\n+        }\n+        else {\n+            event->setDefaultHandled();\n+        }\nif (event->defaultHandled())\nreturn;\n}")]